[aist#0:0/pcm_s16le @ 000001b01cdf94c0] Guessed Channel Layout: stereo
Input #0, wav, from 'E:\adcode-sourcecode\marketing\ad-mascot-reel\out\soundtrack-H1.wav':
  Duration: 00:00:20.00, bitrate: 1536 kb/s
  Stream #0:0: Audio: pcm_s16le ([1][0][0][0] / 0x0001), 48000 Hz, 2 channels, s16, 1536 kb/s
Stream mapping:
  Stream #0:0 -> #0:0 (pcm_s16le (native) -> pcm_s16le (native))
Press [q] to stop, [?] for help
Output #0, null, to 'pipe:':
  Metadata:
    encoder         : Lavf60.16.100
  Stream #0:0: Audio: pcm_s16le, 192000 Hz, stereo, s16, 6144 kb/s
    Metadata:
      encoder         : Lavc60.31.102 pcm_s16le
size=       0kB time=00:00:00.00 bitrate=N/A speed=   0x    size=N/A time=00:00:06.10 bitrate=N/A speed=11.2x    size=N/A time=00:00:12.80 bitrate=N/A speed=12.3x    [out#0/null @ 000001b01cded680] video:0kB audio:15000kB subtitle:0kB other streams:0kB global headers:0kB muxing overhead: unknown
size=N/A time=00:00:17.10 bitrate=N/A speed=12.2x    
[Parsed_loudnorm_0 @ 000001b01ce32fc0] 
{
	"input_i" : "-25.08",
	"input_tp" : "-6.84",
	"input_lra" : "3.60",
	"input_thresh" : "-35.11",
	"output_i" : "-13.99",
	"output_tp" : "-2.50",
	"output_lra" : "0.90",
	"output_thresh" : "-24.01",
	"normalization_type" : "dynamic",
	"target_offset" : "-0.01"
}
