Input #0, mov,mp4,m4a,3gp,3g2,mj2, from 'E:\adcode-sourcecode\marketing\ad-mascot-reel\out\ADCode-Mascot-Reel-H1-1080x1920.mp4':
  Metadata:
    major_brand     : isom
    minor_version   : 512
    compatible_brands: isomiso2avc1mp41
    encoder         : Lavf60.16.100
  Duration: 00:00:20.00, start: 0.000000, bitrate: 753 kb/s
  Stream #0:0[0x1](und): Video: h264 (High) (avc1 / 0x31637661), yuv420p(tv, bt709, progressive), 1080x1920, 544 kb/s, 30 fps, 30 tbr, 15360 tbn (default)
    Metadata:
      handler_name    : VideoHandler
      vendor_id       : [0][0][0][0]
      encoder         : Lavc60.31.102 libx264
  Stream #0:1[0x2](und): Audio: aac (LC) (mp4a / 0x6134706D), 48000 Hz, stereo, fltp, 200 kb/s (default)
    Metadata:
      handler_name    : SoundHandler
      vendor_id       : [0][0][0][0]
Stream mapping:
  Stream #0:1 -> #0:0 (aac (native) -> pcm_s16le (native))
Press [q] to stop, [?] for help
Output #0, null, to 'pipe:':
  Metadata:
    major_brand     : isom
    minor_version   : 512
    compatible_brands: isomiso2avc1mp41
    encoder         : Lavf60.16.100
  Stream #0:0(und): Audio: pcm_s16le, 48000 Hz, stereo, s16, 1536 kb/s (default)
    Metadata:
      handler_name    : SoundHandler
      vendor_id       : [0][0][0][0]
      encoder         : Lavc60.31.102 pcm_s16le
size=       0kB time=00:00:00.00 bitrate=N/A speed=   0x    [out#0/null @ 000002be53bc4040] video:0kB audio:3752kB subtitle:0kB other streams:0kB global headers:0kB muxing overhead: unknown
size=N/A time=00:00:20.00 bitrate=N/A speed=80.5x    
[Parsed_ebur128_0 @ 000002be53b82400] Summary:

  Integrated loudness:
    I:         -14.0 LUFS
    Threshold: -24.0 LUFS

  Loudness range:
    LRA:         1.3 LU
    Threshold: -34.0 LUFS
    LRA low:   -14.6 LUFS
    LRA high:  -13.3 LUFS

  True peak:
    Peak:       -2.2 dBFS
