
layout: 290 samples
still 0s → cover-H1.png
still 3.7s → review-H1-3_7s.png
still 6.95s → review-H1-6_95s.png
still 9.8s → review-H1-9_8s.png
still 11.9s → review-H1-11_9s.png
still 14.45s → review-H1-14_45s.png
still 18.2s → review-H1-18_2s.png
still 20s → review-H1-20s.png
still 21.9s → review-H1-21_9s.png
still 23.45s → review-H1-23_45s.png
still 25.1s → review-H1-25_1s.png
still 27.4s → review-H1-27_4s.png
H1 frame 0/870 (0.9 fps, 2.0 samples a frame)
H1 frame 30/870 (2.6 fps, 2.0 samples a frame)
H1 frame 60/870 (2.8 fps, 2.0 samples a frame)
H1 frame 90/870 (3.0 fps, 2.0 samples a frame)
H1 frame 120/870 (2.7 fps, 2.9 samples a frame)
H1 frame 150/870 (2.7 fps, 2.7 samples a frame)
H1 frame 180/870 (2.5 fps, 3.2 samples a frame)
H1 frame 210/870 (2.6 fps, 3.1 samples a frame)
H1 frame 240/870 (2.7 fps, 2.9 samples a frame)
H1 frame 270/870 (2.6 fps, 3.3 samples a frame)
H1 frame 300/870 (2.7 fps, 3.1 samples a frame)
H1 frame 330/870 (2.6 fps, 3.2 samples a frame)
H1 frame 360/870 (2.6 fps, 3.2 samples a frame)
H1 frame 390/870 (2.6 fps, 3.1 samples a frame)
H1 frame 420/870 (2.7 fps, 3.0 samples a frame)
H1 frame 450/870 (2.7 fps, 3.0 samples a frame)
H1 frame 480/870 (2.8 fps, 2.9 samples a frame)
H1 frame 510/870 (2.8 fps, 2.9 samples a frame)
H1 frame 540/870 (2.8 fps, 2.8 samples a frame)
H1 frame 570/870 (2.9 fps, 2.8 samples a frame)
H1 frame 600/870 (2.8 fps, 3.0 samples a frame)
H1 frame 630/870 (2.8 fps, 2.9 samples a frame)
H1 frame 660/870 (2.8 fps, 2.9 samples a frame)
H1 frame 690/870 (2.9 fps, 2.9 samples a frame)
H1 frame 720/870 (2.8 fps, 3.1 samples a frame)
H1 frame 750/870 (2.7 fps, 3.1 samples a frame)
H1 frame 780/870 (2.7 fps, 3.0 samples a frame)
H1 frame 810/870 (2.8 fps, 3.0 samples a frame)
H1 frame 840/870 (2.8 fps, 3.0 samples a frame)
picture: 870 frames, 2852 samples, 29s film
soundtrack.wav written
export → E:\adcode-sourcecode\marketing\ad-blip\out\ADCode-Blip-H1-1080x1920.mp4

layout: 290 samples
still 0s → cover-H2.png
still 3.7s → review-H2-3_7s.png
still 6.95s → review-H2-6_95s.png
still 9.8s → review-H2-9_8s.png
still 11.9s → review-H2-11_9s.png
still 14.45s → review-H2-14_45s.png
still 18.2s → review-H2-18_2s.png
still 20s → review-H2-20s.png
still 21.9s → review-H2-21_9s.png
still 23.45s → review-H2-23_45s.png
still 25.1s → review-H2-25_1s.png
still 27.4s → review-H2-27_4s.png
H2 frame 0/870 (0.8 fps, 2.0 samples a frame)
H2 frame 30/870 (2.3 fps, 2.0 samples a frame)
H2 frame 60/870 (2.4 fps, 2.0 samples a frame)
H2 frame 90/870 (2.5 fps, 2.0 samples a frame)
H2 frame 120/870 (2.2 fps, 2.9 samples a frame)
H2 frame 150/870 (2.2 fps, 2.7 samples a frame)
H2 frame 180/870 (2.0 fps, 3.2 samples a frame)
H2 frame 210/870 (2.1 fps, 3.1 samples a frame)
H2 frame 240/870 (2.2 fps, 2.9 samples a frame)
H2 frame 270/870 (2.1 fps, 3.3 samples a frame)
H2 frame 300/870 (2.2 fps, 3.1 samples a frame)
H2 frame 330/870 (2.1 fps, 3.2 samples a frame)
H2 frame 360/870 (2.1 fps, 3.2 samples a frame)
H2 frame 390/870 (2.1 fps, 3.1 samples a frame)
H2 frame 420/870 (2.2 fps, 3.0 samples a frame)
H2 frame 450/870 (2.2 fps, 3.0 samples a frame)
H2 frame 480/870 (2.2 fps, 2.9 samples a frame)
H2 frame 510/870 (2.3 fps, 2.9 samples a frame)
H2 frame 540/870 (2.3 fps, 2.8 samples a frame)
H2 frame 570/870 (2.3 fps, 2.8 samples a frame)
H2 frame 600/870 (2.3 fps, 3.0 samples a frame)
H2 frame 630/870 (2.3 fps, 2.9 samples a frame)
H2 frame 660/870 (2.4 fps, 2.9 samples a frame)
H2 frame 690/870 (2.4 fps, 2.9 samples a frame)
H2 frame 720/870 (2.3 fps, 3.1 samples a frame)
H2 frame 750/870 (2.3 fps, 3.1 samples a frame)
H2 frame 780/870 (2.4 fps, 3.0 samples a frame)
H2 frame 810/870 (2.4 fps, 3.0 samples a frame)
H2 frame 840/870 (2.4 fps, 3.0 samples a frame)
picture: 870 frames, 2862 samples, 29s film
export → E:\adcode-sourcecode\marketing\ad-blip\out\ADCode-Blip-H2-1080x1920.mp4
done in 797 s → E:\adcode-sourcecode\marketing\ad-blip\out
exit 0
