
still 0s → thumb-hook.png
still 6.4s → thumb-paid.png
still 9s → thumb-split.png
still 16s → thumb-endcard.png
frame 0/990 (1.0 fps, 4.0 samples a frame)
frame 60/990 (1.2 fps, 4.0 samples a frame)
frame 120/990 (0.7 fps, 5.7 samples a frame)
frame 180/990 (0.8 fps, 5.7 samples a frame)
frame 240/990 (0.8 fps, 5.4 samples a frame)
frame 300/990 (0.9 fps, 5.2 samples a frame)
frame 360/990 (0.9 fps, 5.0 samples a frame)
frame 420/990 (0.9 fps, 4.9 samples a frame)
frame 480/990 (0.9 fps, 4.9 samples a frame)
frame 540/990 (0.9 fps, 4.8 samples a frame)
frame 600/990 (0.9 fps, 4.7 samples a frame)
frame 660/990 (0.9 fps, 4.8 samples a frame)
frame 720/990 (0.9 fps, 4.8 samples a frame)
frame 780/990 (0.9 fps, 4.7 samples a frame)
frame 840/990 (1.0 fps, 4.7 samples a frame)
frame 900/990 (1.0 fps, 4.6 samples a frame)
frame 960/990 (1.0 fps, 4.6 samples a frame)
picture: 990 frames, 4537 samples
soundtrack.wav written
done in 1063 s → E:\adcode-sourcecode\marketing\ad-free-paid\out
exit 0
